
up to date, audited 399 packages in 2s

146 packages are looking for funding
  run `npm fund` for details

found 0 vulnerabilities

> bain-site@0.1.0 build
> next build --turbopack

   ▲ Next.js 15.5.3 (Turbopack)
   - Environments: .env.production

   Creating an optimized production build ...
 ✓ Finished writing to disk in 223ms
 ✓ Compiled successfully in 19.5s
   Linting and checking validity of types ...

Failed to compile.

./src/components/select-language-button.tsx
3:10  Warning: 'useEffect' is defined but never used.  @typescript-eslint/no-unused-vars
51:11  Warning: 't' is assigned a value but never used.  @typescript-eslint/no-unused-vars

./src/contexts/application-context.tsx
74:33  Error: React Hook "usePageContent" cannot be called inside a callback. React Hooks must be called in a React function component or a custom React Hook function.  react-hooks/rules-of-hooks

./src/services/setupHttpClient.ts
3:1  Warning: Unused eslint-disable directive (no problems were reported from 'no-unused-vars').
4:33  Warning: 'ctx' is assigned a value but never used.  @typescript-eslint/no-unused-vars

info  - Need to disable some ESLint rules? Learn more here: https://nextjs.org/docs/app/api-reference/config/eslint#disabling-rules
