
up to date, audited 660 packages in 5s

139 packages are looking for funding
  run `npm fund` for details

4 vulnerabilities (2 low, 1 moderate, 1 high)

To address issues that do not require attention, run:
  npm audit fix

Some issues need review, and may require choosing
a different dependency.

Run `npm audit` for details.

> rcon-dashboard@0.1.0 build
> next build

  ▲ Next.js 14.2.31
  - Environments: .env.production

   Linting and checking validity of types ...

./components/Sites/Bain/Layouts/PageLayout.tsx
8:1  Warning: `../UI/payment-watcher` import should occur before import of `./Header`  import-helpers/order-imports

./components/Sites/Bain/Pages/Home/index.tsx
5:1  Warning: There should be at least one empty line between import groups  import-helpers/order-imports

./components/Sites/Bain/UI/MobileSidebar.tsx
12:1  Warning: `./BuyVip/BuyVipButton` import should occur before import of `./MobileSidebarButtonV2`  import-helpers/order-imports
13:1  Warning: `./LiveGameButton` import should occur before import of `./MobileSidebarButtonV2`  import-helpers/order-imports

./components/Sites/Bain/UI/VipPopup.tsx
3:1  Warning: There should be at least one empty line between import groups  import-helpers/order-imports
4:1  Warning: There should be at least one empty line between import groups  import-helpers/order-imports

./components/Sites/Bain/UI/payment-watcher.tsx
3:1  Warning: There should be at least one empty line between import groups  import-helpers/order-imports
4:1  Warning: There should be at least one empty line between import groups  import-helpers/order-imports

info  - Need to disable some ESLint rules? Learn more here: https://nextjs.org/docs/basic-features/eslint#disabling-rules
   Creating an optimized production build ...
Browserslist: caniuse-lite is outdated. Please run:
  npx update-browserslist-db@latest
  Why you should do it regularly: https://github.com/browserslist/update-db#readme
 ✓ Compiled successfully
   Collecting page data ...
   Generating static pages (0/3) ...
 ✓ Generating static pages (3/3)
   Finalizing page optimization ...
   Collecting build traces ...

Route (pages)                              Size     First Load JS
┌ ○ / (658 ms)                             64.2 kB         267 kB
├   /_app                                  0 B             203 kB
└ ○ /404                                   181 B           203 kB
+ First Load JS shared by all              214 kB
  ├ chunks/framework-64ad27b21261a9ce.js   44.9 kB
  ├ chunks/main-1a27a703935a88c7.js        33.9 kB
  ├ chunks/pages/_app-75c4a5aa4d6ea9b4.js  123 kB
  ├ css/5441f0f69990ddb8.css               10.5 kB
  └ other shared chunks (total)            1.04 kB

○  (Static)  prerendered as static content


                        -------------

__/\\\\\\\\\\\\\____/\\\\____________/\\\\____/\\\\\\\\\_____
 _\/\\\/////////\\\_\/\\\\\\________/\\\\\\__/\\\///////\\\___
  _\/\\\_______\/\\\_\/\\\//\\\____/\\\//\\\_\///______\//\\\__
   _\/\\\\\\\\\\\\\/__\/\\\\///\\\/\\\/_\/\\\___________/\\\/___
    _\/\\\/////////____\/\\\__\///\\\/___\/\\\________/\\\//_____
     _\/\\\_____________\/\\\____\///_____\/\\\_____/\\\//________
      _\/\\\_____________\/\\\_____________\/\\\___/\\\/___________
       _\/\\\_____________\/\\\_____________\/\\\__/\\\\\\\\\\\\\\\_
        _\///______________\///______________\///__\///////////////__


                          Runtime Edition

        PM2 is a Production Process Manager for Node.js applications
                     with a built-in Load Balancer.

                Start and Daemonize any application:
                $ pm2 start app.js

                Load Balance 4 instances of api.js:
                $ pm2 start api.js -i 4

                Monitor in production:
                $ pm2 monitor

                Make pm2 auto-boot at server restart:
                $ pm2 startup

                To go further checkout:
                http://pm2.io/


                        -------------

[PM2] Spawning PM2 daemon with pm2_home=/home/antonio/.pm2
[PM2] PM2 Successfully daemonized
┌────┬───────────┬─────────────┬─────────┬─────────┬──────────┬────────┬──────┬───────────┬──────────┬──────────┬──────────┬──────────┐
│ id │ name      │ namespace   │ version │ mode    │ pid      │ uptime │ ↺    │ status    │ cpu      │ mem      │ user     │ watching │
└────┴───────────┴─────────────┴─────────┴─────────┴──────────┴────────┴──────┴───────────┴──────────┴──────────┴──────────┴──────────┘
[PM2] Starting /usr/bin/npm in fork_mode (1 instance)
[PM2] Done.
┌────┬──────────────┬─────────────┬─────────┬─────────┬──────────┬────────┬──────┬───────────┬──────────┬──────────┬──────────┬──────────┐
│ id │ name         │ namespace   │ version │ mode    │ pid      │ uptime │ ↺    │ status    │ cpu      │ mem      │ user     │ watching │
├────┼──────────────┼─────────────┼─────────┼─────────┼──────────┼────────┼──────┼───────────┼──────────┼──────────┼──────────┼──────────┤
│ 0  │ bain-site    │ default     │ N/A     │ fork    │ 1487355  │ 0s     │ 0    │ online    │ 0%       │ 13.9mb   │ antonio  │ disabled │
└────┴──────────────┴─────────────┴─────────┴─────────┴──────────┴────────┴──────┴───────────┴──────────┴──────────┴──────────┴──────────┘
[PM2] Saving current process list...
[PM2] Successfully saved in /home/antonio/.pm2/dump.pm2
[PM2] Init System found: systemd
[PM2] To setup the Startup Script, copy/paste the following command:
sudo env PATH=$PATH:/usr/bin /usr/local/lib/node_modules/pm2/bin/pm2 startup systemd -u antonio --hp /home/antonio
