
up to date, audited 399 packages in 2s

146 packages are looking for funding
  run `npm fund` for details

found 0 vulnerabilities

> bain-site@0.1.0 build
> next build --turbopack

   ▲ Next.js 15.5.3 (Turbopack)
   - Environments: .env.production

   Creating an optimized production build ...
 ✓ Finished writing to disk in 111ms
 ✓ Compiled successfully in 19.3s
   Skipping linting
   Checking validity of types ...
   Collecting page data ...
   Generating static pages (0/5) ...
   Generating static pages (1/5) 
   Generating static pages (2/5) 
   Generating static pages (3/5) 
 ✓ Generating static pages (5/5)
   Finalizing page optimization ...
   Collecting build traces ...

Route (app)                         Size  First Load JS
┌ ○ /                            3.73 kB         240 kB
└ ○ /_not-found                      0 B         237 kB
+ First Load JS shared by all     254 kB
  ├ chunks/47f477e3d2ef265b.js   20.4 kB
  ├ chunks/535a6deed1e603b2.js   53.2 kB
  ├ chunks/6bbf1ac8ec690fe1.js   70.2 kB
  ├ chunks/6fc8155694fa8991.js   75.3 kB
  ├ chunks/9e4ceb0c01d8291e.css  17.5 kB
  └ other shared chunks (total)  17.2 kB


○  (Static)  prerendered as static content

┌────┬─────────────┬─────────────┬─────────┬─────────┬──────────┬────────┬──────┬───────────┬──────────┬──────────┬──────────┬──────────┐
│ id │ name        │ namespace   │ version │ mode    │ pid      │ uptime │ ↺    │ status    │ cpu      │ mem      │ user     │ watching │
├────┼─────────────┼─────────────┼─────────┼─────────┼──────────┼────────┼──────┼───────────┼──────────┼──────────┼──────────┼──────────┤
│ 1  │ nest-app    │ default     │ 0.0.1   │ fork    │ 2171819  │ 21D    │ 1    │ online    │ 0%       │ 109.8mb  │ antonio  │ disabled │
└────┴─────────────┴─────────────┴─────────┴─────────┴──────────┴────────┴──────┴───────────┴──────────┴──────────┴──────────┴──────────┘
[PM2] Starting /usr/bin/npm in fork_mode (1 instance)
[PM2] Done.
┌────┬──────────────┬─────────────┬─────────┬─────────┬──────────┬────────┬──────┬───────────┬──────────┬──────────┬──────────┬──────────┐
│ id │ name         │ namespace   │ version │ mode    │ pid      │ uptime │ ↺    │ status    │ cpu      │ mem      │ user     │ watching │
├────┼──────────────┼─────────────┼─────────┼─────────┼──────────┼────────┼──────┼───────────┼──────────┼──────────┼──────────┼──────────┤
│ 3  │ bain-site    │ default     │ N/A     │ fork    │ 1847411  │ 0s     │ 0    │ online    │ 0%       │ 9.9mb    │ antonio  │ disabled │
│ 1  │ nest-app     │ default     │ 0.0.1   │ fork    │ 2171819  │ 21D    │ 1    │ online    │ 0%       │ 109.8mb  │ antonio  │ disabled │
└────┴──────────────┴─────────────┴─────────┴─────────┴──────────┴────────┴──────┴───────────┴──────────┴──────────┴──────────┴──────────┘
[PM2] Saving current process list...
[PM2] Successfully saved in /home/antonio/.pm2/dump.pm2
[PM2] Init System found: systemd
[PM2] To setup the Startup Script, copy/paste the following command:
sudo env PATH=$PATH:/usr/bin /usr/local/lib/node_modules/pm2/bin/pm2 startup systemd -u antonio --hp /home/antonio
